============================= test session starts =============================
platform win32 -- Python 3.11.9, pytest-9.0.2, pluggy-1.6.0 -- C:\Users\Admin\AppData\Local\Programs\Python\Python311\python.exe
cachedir: .pytest_cache
rootdir: E:\Projects\PPT_project\backend
configfile: pyproject.toml
plugins: anyio-4.12.1, langsmith-0.6.8, asyncio-1.3.0
asyncio: mode=Mode.AUTO, debug=False, asyncio_default_fixture_loop_scope=None, asyncio_default_test_loop_scope=function
